[    0.000000] Initializing cgroup subsys cpuset
[    0.000000] Initializing cgro subsys cpu
[    0.000000] Initializing cgroup subsycpuacct
[   0.000000] in veron.40-154-generic (buildd@lgw01-amd64-049) (gcc version 5.4.0 20160609 (Ubuntu 5.4.0-6ubtu16.04.10) ) #181-Ubuntu SMP Tue Jun 25 05:29:03 UTC 2019 (Ubuntu 4.4.0-154.181-generic 4.4.179)
[    0.000000] Command line: BOOT_IMAGE=/boot/vmlinuz-4.4.0-154-generic root=LABEL=cloudimg-rootfs ro console=tty1 console=ttyS0
[    0.000000] KERNEL supported cpus:
[    0.000000]   Intel GenuineIntel
[    0.000000]   AMD AuthenticAMD
[    0.000000]   Centaur CentaurHauls
[    0.000000] x86/fpu: xstate_offset[2]:  57 xstae_izes[2]:  256
[    0.000000] x86/fpu: SupportingSA featu 0x01: 'x87 floating point registers'
[    0.000000] x86/fpu: Supporting XSAVE feature 0x02: 'SSE registers'
[    0.000000] x86/fpu: Supporting XSAVE featur 004: VXegisters'
[    0.000000] x86/fpu: Enabled xstate features 0x7, context size is 832 bytes, using 'standard' format.
[    0.000000] e820: BIOS-provided physical RAM map:
[    0.000000] BIOS-e820: [mem 0x0000000000000000-0x000000000009fbff] usable
[    0.000000] BIOS-e820: [mem 0x000000000009fc00-0x000000000009ffff] reserved
[    0.000000] BIOS-e820: [mem 0x00000000000f0000-0x00000000000fffff] reserved
[    0.000000] BIOS-e820: [mem 0x0000000000100000-0x000000003ffeffff] usable
[    0.000000] BIOS-e820: [mem 0x000000003fff0000-0x000000003fffffff] ACPI data
[    0.000000] BIOS-e820: [mem 0x00000000fec00000-0x00000000fec00fff] reserved
[    0.000000] BIOS-e820: [mem 0x00000000fee00000-0x00000000fee00fff] reserved
[    0.000000] BIOS-e820: [mem 0x00000000fffc0000-0x00000000ffffffff] reserved
[    0.000000] NX (Execute Disable) protection: active
[    0.000000] SMBIOS 2.5 present.
[    0.000000] Hypervisor detected: KVM
[    0.000000] e820: last_pfn = 0x3fff0 max_arch_pfn = 0x400000000
[    0.000000] MTRR: Disabled
[    0.000000] x86/PAT: MTRRs disabled, skipping PAT initialization too.
[    0.000000] CPU MTRRs all blank - virtualized system.
[    0.000000] x86/PAT: Configuration [0-7]: WB  WT  UC- UC  WB  WT  UC- UC  
[    0.000000] found SMP MP-table at [mem 0x0009fff0-0x0009ffff] mapped at [ffff88000009fff0]
[    0.000000] Scanning 1 areas for low memory corruption
[    0.000000] RAMDISK: [mem 0x362fa000-0x37174fff]
[    0.000000] ACPI: Early table checksum verification disabled
[    0.000000] ACPI: RSDP 0x00000000000E0000 000024 (v02 VBOX  )
[    0.000000] ACPI: XSDT 0x000000003FFF0030 00003C (v01 VBOX   VBOXXSDT 00000001 ASL  00000061)
[    0.000000] ACPI: FACP 0x000000003FFF00F0 0000F4 (v04 VBOX   VBOXFACP 00000001 ASL  00000061)
[    0.000000] ACPI: DSDT 0x000000003FFF0470 0021FF (v02 VBOX   VBOXBIOS 00000002 INTL 20180105)
[    0.000000] ACPI: FACS 0x000000003FFF0200 000040
[    0.000000] ACPI: FACS 0x000000003FFF0200 000040
[    0.000000] ACPI: APIC 0x000000003FFF0240 00005C (v02 VBOX   VBOXAPIC 00000001 ASL  00000061)
[    0.000000] ACPI: SSDT 0x000000003FFF02A0 0001CC (v01 VBOX   VBOXCPUT 00000002 INTL 20180105)
[    0.000000] No NUMA configuration found
[    0.000000] Faking a node at [mem 0x0000000000000000-0x000000003ffeffff]
[    0.000000] NODE_DATA(0) allocated [mem 0x3ffeb000-0x3ffeffff]
[    0.000000] kvm-clock: Using msrs 4b564d01 and 4b564d00
[    0.000000] kvm-clock: cpu 0, msr 0:3ffe3001, primary cpu clock
[    0.000000] kvm-clock: using sched offset of 3106619024 cycles
[    0.000000] clocksource: kvm-clock: mask: 0xffffffffffffffff max_cycles: 0x1cd42e4dffb, max_idle_ns: 881590591483 ns
[    0.000000] Zone ranges:
[    0.000000]   DMA      [mem 0x0000000000001000-0x0000000000ffffff]
[    0.000000]   DMA32    [mem 0x0000000001000000-0x000000003ffeffff]
[    0.000000]   Normal   empty
[    0.000000]   Device   empty
[    0.000000] Movable zone start for each node
[    0.000000] Early memory node ranges
[    0.000000]   node   0: [mem 0x0000000000001000-0x000000000009efff]
[    0.000000]   node   0: [mem 0x0000000000100000-0x000000003ffeffff]
[    0.000000] Initmem setup node 0 [mem 0x0000000000001000-0x000000003ffeffff]
[    0.000000] ACPI: PM-Timer IO Port: 0x4008
[    0.000000] IOAPIC[0]: apic_id 2, version 32, address 0xfec00000, GSI 0-23
[    0.000000] ACPI: INT_SRC_OVR bus 0 bus_irq 0 global_irq 2 dfl dfl)
[    0.000000] ACPI: INT_SRC_OVR (bus 0 bus_irq 9 global_irq 9 low level)
[    0.000000] Using ACPI (MADT) for SMP configuration information
[    0.000000] smpboot: Allowing 2 CPUs, 0 hotpg PUs
[    0.000000] PM: Registered nosave memory: [mem 0x00000000-0x00000ff]
[    0.000000] PM: Registered nosave memory: [mem 0x0009f000-0x0009ffff]
[    0.000000] PM: Registered nosave memory: [mem 0x000a0000-0x000effff]
[    0.000000] PM: Registered nosave memory: [mem 0x000f0000-0x000fffff]
[    0.000000] e820: [mem 0x40000000-0xfebfffff] avaibl for PCI devices
[    0.000000] Booting paravirtualized kernel on K
[    0.000000] clocksource: refined-jiffies: mask: 0xffffffff max_cycles: 0xffffffff, max_idle_ns: 7645519600211568 ns
[    0.000000] setup_percpu: NR_CPUS:512 nr_cpumask_bits:512 nr_cpu_ids:2 nr_node_ids:1
[    0.000000] PERCPU: Embedded 34 pages/cpu @ffff88003fc00000 s99480 r8192 d31592 u1048576
[    0.000000] Built 1 zonelists in Node order, mobity groupinon Total pages: 257912
[    0.000000] Policy zone: DMA32
[    0.000000] Kernel command line: BOOT_IMAGE=/boot/vmlinuz-4.4.0-154-generic root=LABEL=cloudimg-rootfs ro console=tty1 console=ttyS0
[    0.000000] PID hash table entries: 4096(oer 3, 2768 bytes)
[    0.000000] Memory: 997732K/1048120K available (8613K kernel code, 1335K rwdata,4028rota, 1484 ini 14K bss,03K reserved, 0K cma-reserved)
[    0.000000] SLUB: HWalign=64, Order=0-3, MinObjects=0, CPUs=2, Nodes=1
[    0.000000] Kernel/User page tables isolation: enabled
[    0.000000] Hierarchical RCU implementation.
[    0.000000] 	Build-time adjustment of leaf fanout to 64.
[   0.000000] 	RCU restricting CPUs from NR_CPUS=512 to nr_cu_ds.
[    0.000000] RCU: Adjusting geometry for rcu_fanout_leaf=64, nr_cpu_ids=2
[    0.000000] NR_IRQS:33024 nr_irqs:440 16
[    0.000000] Console: colour VGA+ 80x25
[    0.000000] console [tty1] enabled
[    0.000000] console [ttyS0] enabled
[    0.000000] tsc: Detected 1991.999 MHz processor
[  13211] Calibrating delay loop (skipped) preset value.. 3983.99 BogoMIPS (lpj=7967996)
[    1.199977] pid_max: default: 32768 minimum: 301
[    1.200798] ACPI: Core revision 20150930
[    1.207582] ACPI: 2 ACPI AML tables successfully acquired and loaded
[    1.208890] Security Framework initialized
[    1.228144] Yama: becoming mindful.
[    1.229139] AppArmor: AppArmor initialized
[    1.261903] Dentry cache hash table entries: 131072 (order: 8, 1048576 bytes)
[    1.291134] Inode-cache hash table entries: 65536 (order: 7, 524288 bytes)
[    1.304835] Mount-cache hash table entries: 2048 (order: 2, 16384 bytes)
[    1.306007] Mountpoint-cache hash table entries: 2048 (order: 2, 16384 bytes)
[    1.307544] Initializing cgroup subsys io
[    1.308444] Initializing cgroup subsys memory
[    1.310585] Initializing cgroup subsys devices
[    1.311638] Initializing cgroup subsys freezer
[    1.312536] Initializing cgroup subsys net_cls
[    1.313445] Initializing cgroup subsys perf_event
[    1.314343] Initializing cgroup subsys net_prio
[    1.315241] Initializing cgroup subsys hugetlb
[    1.320034] Initializing cgroup subsys pids
[    1.321952] mce: CPU supports 0 MCE banks
[    1.322662] Last level iTLB entries: 4KB 64, 2MB 8, 4MB 8
[    1.323517] Last level dTLB entries: 4KB 64, 2MB 0, 4MB 0, 1GB 4
[    1.329938] Spectre V2 : Mitigation: Full generic retpoline
[    1.330925] Spectre V2 : Spectre v2 / SpectreRSB mitigation: Filling RSB on context switch
[    1.348043] Speculative Store Bypass: Vulnerable
[    1.354151] MDS: Mitigation: Clear CPU buffers
[    1.362957] Freeing SMP alternatives memory: 36K
[    1.369267] ftrace: allocating 32299 entries in 127 pages
[    1.420599] smpboot: APIC(0) Converting physical 0 to logical package 0
[    1.428704] smpboot: Max logical packages: 1
[    1.429804] x2apic enabled
[    1.430629] Switched APIC routing to physical x2apic.
[    1.432369] ..TIMER: vector=0x30 apic1=0 pin1=2 apic2=-1 pin2=-1
[    1.539338] smpboot: CPU0: Intel(R) Core(TM) i7-8565U CPU @ 1.80GHz (family: 0x6, model: 0x8e, stepping: 0xb)
[    1.547227] Performance Events: unsupported p6 CPU model 142 no PMU driver, software events only.
[    1.560435] KVM setup paravirtual spinlock
[    1.578190] x86: Booting SMP configuration:
[    1.579172] .... node  #0, CPUs:      #1
[    1.594622] kvm-clock: cpu 1, msr 0:3ffe3041, secondary cpu clock
[    1.596871] mce: CPU supports 0 MCE banks
[    1.599435] x86: Booted up 1 node, 2 CPUs
[    1.626918] smpboot: Total of 2 processors activated (7967.99 BogoMIPS)
[    1.628606] devtmpfs: initialized
[    1.630541] evm: security.selinux
[    1.642867] evm: security.SMACK64
[    1.643590] evm: security.SMACK64EXEC
[    1.661304] evm: security.SMACK64TRANSMUTE
[    1.662072] evm: security.SMACK64MMAP
[    1.667943] evm: security.ima
[    1.668405] evm: security.capability
[    1.669126] clocksource: jiffies: mask: 0xffffffff max_cycles: 0xffffffff, max_idle_ns: 7645041785100000 ns
[    1.672494] futex hash table entries: 512 (order: 3, 32768 bytes)
[    1.682060] pinctrl core: initialized pinctrl subsystem
[    1.715994] RTC time: 21:08:22, date: 10/28/19
[    1.724501] NET: Registered protocol family 16
[    1.739565] cpuidle: using governor ladder
[    1.793331] cpuidle: using governor menu
[    1.799569] PCCT header not found.
[    1.800378] ACPI: bus type PCI registered
[    1.801172] acpiphp: ACPI Hot Plug PCI Controller Driver version: 0.5
[    1.802436] PCI: Using configuration type 1 for base access
[    1.816575] ACPI: Added _OSI(Module Device)
[    1.817475] ACPI: Added _OSI(Processor Device)
[    1.818410] ACPI: Added _OSI(3.0 _SCP Extensions)
[    1.820283] ACPI: Added _OSI(Processor Aggregator Device)
[    1.835935] ACPI: Executed 1 blocks of module-level executable AML code
[    1.839072] ACPI: Interpreter enabled
[    1.848271] ACPI: (supports S0 S5)
[    1.848931] ACPI: Using IOAPIC for interrupt routing
[    1.852471] PCI: Using host bridge windows from ACPI; if necessary, use "pci=nocrs" and report a bug
[    1.856549] ACPI: PCI Root Bridge [PCI0] (domain 0000 [bus 00-ff])
[    1.857690] acpi PNP0A03:00: _OSC: OS supports [ASPM ClockPM Segments MSI]
[    1.858930] acpi PNP0A03:00: _OSC: not requesting OS control; OS requires [ExtendedConfig ASPM ClockPM MSI]
[    1.861917] acpi PNP0A03:00: fail to add MMCONFIG information, can't access extended PCI configuration space under this bridge.
[    1.864378] PCI host bridge to bus 0000:00
[    1.865192] pci_bus 0000:00: root bus resource [io  0x0000-0x0cf7 window]
[    1.866326] pci_bus 0000:00: root bus resource [io  0x0d00-0xffff window]
[    1.867502] pci_bus 0000:00: root bus resource [mem 0x000a0000-0x000bffff window]
[    1.868797] pci_bus 0000:00: root bus resource [mem 0x40000000-0xfdffffff window]
[    1.870036] pci_bus 0000:00: root bus resource [bus 00-ff]
[    1.872113] pci 0000:00:01.1: legacy IDE quirk: reg 0x10: [io  0x01f0-0x01f7]
[    1.873155] pci 0000:00:01.1: legacy IDE quirk: reg 0x14: [io  0x03f6]
[    1.880708] pci 0000:00:01.1: legacy IDE quirk: reg 0x18: [io  0x0170-0x0177]
[    1.881748] pci 0000:00:01.1: legacy IDE quirk: reg 0x1c: [io  0x0376]
[    1.899042] pci 0000:00:07.0: quirk: [io  0x4000-0x403f] claimed by PIIX4 ACPI
[    1.985898] pci 0000:00:07.0: quirk: [io  0x4100-0x410f] claimed by PIIX4 SMB
[    2.020547] ACPI: PCI Interrupt Link [LNKA] (IRQs 5 9 10 *11)
[    2.027613] ACPI: PCI Interrupt Link [LNKB] (IRQs 5 9 *10 11)
[    2.049620] ACPI: PCI Interrupt Link [LNKC] (IRQs 5 *9 10 11)
[    2.052944] ACPI: PCI Interrupt Link [LNKD] (IRQs 5 9 10 *11)
[    2.057691] ACPI: Enabled 2 GPEs in block 00 to 07
[    2.059060] vgaarb: setting as boot device: PCI:0000:00:02.0
[    2.060045] vgaarb: device added: PCI:0000:00:02.0,decodes=io+mem,owns=io+mem,locks=none
[    2.064539] vgaarb: loaded
[    2.065086] vgaarb: bridge control possible 0000:00:02.0
[    2.066192] SCSI subsystem initialized
[    2.067031] ACPI: bus type USB registered
[    2.067739] usbcore: registered new interface driver usbfs
[    2.068505] usbcore: registered new interface driver hub
[    2.069231] usbcore: registered new device driver usb
[    2.070154] PCI: Using ACPI for IRQ routing
[    2.071028] NetLabel: Initializing
[    2.119487] NetLabel:  domain hash size = 128
[    2.120079] NetLabel:  protocols = UNLABELED CIPSOv4
[    2.142566] NetLabel:  unlabeled traffic allowed by default
[    2.175029] amd_nb: Cannot enumerate AMD northbridges
[    2.182290] clocksource: Switched to clocksource kvm-clock
[    2.187829] AppArmor: AppArmor Filesystem Enabled
[    2.188613] pnp: PnP ACPI init
[    2.189719] pnp: PnP ACPI: found 3 devices
[  2997]losorce: acpi_pm: mask: 0xffffff max_cycles: 0xffffff, max_idle_ns: 2085710 ns
[   2.0816NE Risred otcol family 2
[    2.811246] TCP established hash table entries: 8192 (order: 4, 65536 bytes)
[    2.812474] TCP bind hash table entries: 8192 (order: 5, 131072 bytes)
[    2.813620] TCP: Hash tables configured (established 8192 bind 8192)
[    2.8141] UDPhash table entries: 512 (order: 2, 16384 bytes)
[    2.912857] UDP-Lite hash table entries: 512 (order: 2, 16384 bytes)
[    2.913834] NET: Registered protocol family 1
[    2.914577] pci 0000:00:00.0: Limiting direct PCI/PCI transfers
[    29182pc00:001: Activating ISA DMA hang workarounds
[    3.193011] Unpacking initramfs...

[    3.384074] Freeing initrd memory: 14828K
[    3.426134] clocksource: tsc: mask: 0xffffffffffffffff max_cycles: 0x396d4ffc055, max_idle_ns: 881590662783 ns
[    3.427944] platform rtc_cmos: registered platform RTC device (no PNP device found)
[    3.467091] Scanning for low memory corruption every 60 seconds
[    3.482938] audit: initializing netlink subsys (disabled)
[    3.515290] audit: type=2000 audit(1572296907.364:1): initialized
[    3.517023] Initialise system trusted keyring
[    3.518164] HugeTLB registered 2 MB page size, pre-allocated 0 pages
[    3.520656] zbud: loaded
[    3.521696] VFS: Disk quotas dquot_6.6.0
[    3.591543] VFS: Dquot-cache hash table entries: 512 (order 0, 4096 bytes)
[    3.592907] squashfs: version 4.0 (2009/01/31) Phillip Lougher
[    3.660599] fuse init (API version 7.23)
[    3.690726] Key type big_key registered
[    3.697980] Allocating IMA MOK and blacklist keyrings.
[    3.699810] Key type asymmetric registered
[   33.743745] Asymmetric key parser 'x509' registered
[    3.870056] Block layer SCSI generic (bsg) driver version 0.4 loaded (major 249)
[   338811047] io scheduler noop registered
[    3.959672] io scheduler deadline registered (default)
[    3.991464] io scheduler cfq registered
[    3.992505] pci_hotplug: PCI Hot Plug PCI Core version: 0.5
[    4.010248] pciehp: PCI Express Hot Plug Controller Driver version: 0.4
[    4.011950] ACPI: AC Adapter [AC] (on-line)
[    4.140682] input: Power Button as /devices/LNXSYSTM:00/LNXPWRBN:00/input/input0
[    4.145029] ACPI: Power Button [PWRF]
[    4.160429] input: Sleep Button as /devices/LNXSYSTM:00/LNXSLPBN:00/input/input1
[    4.161865] ACPI: Sleep Button [SLPF]
[    4.162866] GHES: HEST is not enabled!
[    4.169229] ACPI: Battery Slot [BAT0] (battery present)
[    4.181157] Serial: 8250/16550 driver, 32 ports, IRQ sharing enabled
[    ..262815] 00:02: ttyS0 at I/O 0x3f8 (irq = 4, base_baud = 115200) is a 16550A
[    4.321295] Linux agpgart interface v0.103
[    4.323703] loop: module loaded
[    4.326733] scsi host0: ata_piix
[    4.340614] scsi host1: ata_piix
[    4.341380] ata1: PATA max UDMA/33 cmd 0x1f0 ctl 0x3f6 bmdma 0xd000 irq 14
[    4.342630] ata2: PATA max UDMA/33 cmd 0x170 ctl 0x366 bmdma 0xd008 irq 15
[    4.391077] libphy: Fixed MDIO Bus: probed
[    4.430518] tun: Universal TUN/TAP device driver, 1.6
[    4.431416] tun: (C) 1999-2004 Max Krasnyansky <maxk@qualcomm.com>
[    4.432552] PPP generic driver version 2.4.2
[    4.433301] ehci_hcd: USB 2.0 'Enhanced' Host Controller (EHCI) Driver
[    4.434258] ehci-pci: EHCI PCI platform driver
[    4.435038] ehci-platform: EHCI generic platform driver
[    4.440396] ohci_hcd: USB 1.1 'Open' Host Controller (OHCI) Driver
[    4.460587] ohci-pci: OHCI PCI platform driver
[    4.461527] ohci-platform: OHCI generic platform driver
[    4.462544] uhci_hcd: USB Universal Host Controller Interface driver
[    4.463557] i8042: PNP: PS/2 Controller [PNP0303:PS2K,PNP0f03:PS2M] at 0x60,0x64 irq 1,12
[    4.465310] serio: i8042 KBD port at 0x60,0x64 irq 1
[    4.467739] serio: i8042 AUX port at 0x60,0x64 irq 12
[    4.468522] mousedev: PS/2 mouse device common for all mice
[    4.469560] rtc_cmos rtc_cmos: rtc core: registered rtc_cmos as rtc0
[    4.484342] rtc_cmos rtc_cmos: alarms up to one day, 114 bytes nvram
[    4.500459] i2c /dev entries driver
[    4.501067] input: AT Translated Set 2 keyboard as /devices/platform/i8042/serio0/input/input2
[    4.583372] device-mapper: uevent: version 1.0.3
[    4.584289] device-mapper: ioctl: 4.34.0-ioctl (2015-10-28) initialised: dm-devel@redhat.com
[    4.585977] ledtrig-cpu: registered to indicate activity on CPUs
[    4.587622] NET: Registered protocol family 10
[    4.650151] NET: Registered protocol family 17
[    4.699887] Key type dns_resolver registered
[    4.790470] registered taskstats version 1
[    4.791145] Loading compiled-in X.509 certificates
[    4.810913] Loaded X.509 cert 'Build time autogenerated kernel key: 65139e04a67245b562a838c28b5e7032abdd4348'
[    4.891082] zswap: loaded using pool lzo/zbud
[    4.941911] Key type trusted registered
[    5.042577] Key type encrypted registered
[    5.206900] AppArmor: AppArmor sha1 policy hashing enabled
[    5.207761] ima: No TPM chip found, activating TPM-bypass!
[    5.208956] ima: Allocated hash algorithm: sha1
[    5.240077] evm: HMAC attrs: 0x1
[    5.241139]   Magic number: 7:423:147
[    5.260321] pci 0000:00:14.0: hash matches
[    5.300027] rtc_cmos rtc_cmos: setting system clock to 2019-10-28 21:08:26 UTC (1572296906)
[    5.540485] BIOS EDD facility v0.16 2004-Jun-25, 0 devices found
[    5.640888] EDD information not available.
[    5.700798] Freeing unused kernel memory: 1484K
[    5.742552] Write protecting the kernel read-only data: 14336k
[    5.745449] Freeing unused kernel memory: 1616K
[    5.764596] Freeing unused kernel memory: 68K
Loading, please wait...
starting version[    5.781235] random: systemd-udevd: uninitialized urandom read (16 bytes read, 5 bits of entropy available)
 229
[    5.781867] random: udevadm: uninitialized urandom read (16 bytes read, 5 bits of entropy available)
[    5.781883] random: udevadm: uninitialized urandom read (16 bytes read, 5 bits of entropy available)
[    5.789000] random: udevadm: uninitialized urandom read (16 bytes read, 5 bits of entropy available)
[    5.789046] random: udevadm: uninitialized urandom read (16 bytes read, 5 bits of entropy available)
[    5.789168] random: udevadm: uninitialized urandom read (16 bytes read, 5 bits of entropy available)
[    5.789210] random: udevadm: uninitialized urandom read (16 bytes read, 5 bits of entropy available)
[    5.789258] random: udevadm: uninitialized urandom read (16 bytes read, 5 bits of entropy available)
[    5.789302] random: udevadm: uninitialized urandom read (16 bytes read, 5 bits of entropy available)
[    5.789345] random: udevadm: uninitialized urandom read (16 bytes read, 5 bits of entropy available)
[    6.236221] e1000: Intel(R) PRO/1000 Network Driver - version 7.3.21-k8-NAPI
[    6.243294] e1000: Copyright (c) 1999-2006 Intel Corporation.
[    6.243808] Fusion MPT base driver 3.04.20
[    6.243808] Copyright (c) 1999-2008 LSI Corporation
[    6.315875] AVX2 version of gcm_enc/dec engaged.
[    6.316815] AES CTR mode by8 optimization enabled
[    6.328323] Fusion MPT SPI Host driver 3.04.20
[    6.516313] input: ImExPS/2 Generic Explorer Mouse as /devices/platform/i8042/serio1/input/input4
[    6.692252] e1000 0000:00:03.0 eth0: (PCI:33MHz:32-bit) 02:1e:e5:6d:71:21
[    6.698794] e1000 0000:00:03.0 eth0: Intel(R) PRO/1000 Network Connection
[    6.700563] mptbase: ioc0: Initiating bringup
[    6.865754] ioc0: LSI53C1030 A0: Capabilities={Initiator}
[    8.879417] scsi host2: ioc0: LSI53C1030 A0, FwRev=00000000h, Ports=1, MaxQ=256, IRQ=20
[   10.809677] scsi 2:0:0:0: Direct-Access     VBOX     HARDDISK         1.0  PQ: 0 ANSI: 5
[   10.824957] scsi target2:0:0: Beginning Domain Validation
[   10.833845] scsi target2:0:0: Domain Validation skipping write tests
[   10.845868] scsi target2:0:0: Ending Domain Validation
[   10.847028] scsi target2:0:0: asynchronous
[   10.848471] scsi 2:0:1:0: Direct-Access     VBOX     HARDDISK         1.0  PQ: 0 ANSI: 5
[   10.865637] scsi target2:0:1: Beginning Domain Validation
[   10.867339] scsi target2:0:1: Domain Validation skipping write tests
[   10.868227] scsi target2:0:1: Ending Domain Validation
[   10.869252] scsi target2:0:1: asynchronous
[   10.887447] sd 2:0:0:0: Attached scsi generic sg0 type 0
[   10.921444] sd 2:0:0:0: [sda] 20971520 512-byte logical blocks: (10.7 GB/10.0 GiB)
[   10.932715] sd 2:0:0:0: [sda] Write Protect is off
[   10.940645] sd 2:0:1:0: [sdb] 20480 512-byte logical blocks: (10.5 MB/10.0 MiB)
[   10.942447] sd 2:0:1:0: [sdb] Write Protect is off
[   10.943498] sd 2:0:1:0: [sdb] Incomplete mode parameter data
[   10.977421] sd 2:0:1:0: [sdb] Assuming drive cache: write through
[   10.978608] sd 2:0:1:0: Attached scsi generic sg1 type 0
[   10.985417] sd 2:0:0:0: [sda] Incomplete mode parameter data
[   10.986666] sd 2:0:0:0: [sda] Assuming drive cache: write through
[   10.996689]  sda: sda1
[   11.041113] sd 2:0:1:0: [sdb] Attached SCSI disk
[   11.068804] sd 2:0:0:0: [sda] Attached SCSI disk
[   11.190411] e1000 0000:00:08.0 eth1: (PCI:33MHz:32-bit) 08:00:27:50:73:cd
[   11.410214] e1000 0000:00:08.0 eth1: Intel(R) PRO/1000 Network Connection
[   11.411860] e1000 0000:00:03.0 enp0s3: renamed from eth0
[   11.422823] e1000 0000:00:08.0 enp0s8: renamed from eth1
Begin: Loading e[   12.712819] md: linear personality registered for level -1
ssential drivers ... [   12.759294] md: multipath personality registered for level -4
[   12.763431] md: raid0 personality registered for level 0
[   12.767126] md: raid1 personality registered for level 1
[   12.878345] raid6: sse2x1   gen() 11396 MB/s
[   13.030337] raid6: sse2x1   xor()  8379 MB/s
[   13.102361] raid6: sse2x2   gen() 14255 MB/s
[   13.174363] raid6: sse2x2   xor()  9381 MB/s
[   13.250358] raid6: sse2x4   gen() 15972 MB/s
[   13.338379] raid6: sse2x4   xor()  7567 MB/s
[   13.406384] raid6: avx2x1   gen() 20458 MB/s
[   13.490391] raid6: avx2x2   gen() 25735 MB/s
[   13.578337] raid6: avx2x4   gen() 27396 MB/s
[   13.589822] raid6: using algorithm avx2x4 gen() 27396 MB/s
[   13.590782] raid6: using avx2x2 recovery algorithm
[   13.592745] xor: automatically using best checksumming function:
[   13.637453]    avx       : 45721.000 MB/sec
[   13.711053] async_tx: api initialized (async)
[   13.745716] md: raid6 personality registered for level 6
[   13.770304] md: raid5 personality registered for level 5
[   14.039942] md: raid4 personality registered for level 4
[   14.084574] md: raid10 personality registered for level 10
done.
Begin: Running /scripts/init-premount ... done.
Begin: Mounting root file sys[   14.312869] Btrfs loaded
tem ... Begin: Running /scripts/local-top ... done.
Begin: Running /scripts/local-premount ... Scanning for Btrfs filesystems
done.
Warning: fsck not present, so skipping root file system
[   14.363890] EXT4-fs (sda1): mounted filesystem with ordered data mode. Opts: (null)
done.
Begin: Running /scripts/local-bottom ... done.
Begin: Running /scripts/init-bottom ... done.
[   14.465181] systemd[1]: systemd 229 running in system mode. (+PAM +AUDIT +SELINUX +IMA +APPARMOR +SMACK +SYSVINIT +UTMP +LIBCRYPTSETUP +GCRYPT +GNUTLS +ACL +XZ -LZ4 +SECCOMP +BLKID +ELFUTILS +KMOD -IDN)
[   14.483488] systemd[1]: Detected virtualization oracle.
[   14.500174] systemd[1]: Detected architecture x86-64.

Welcome to [1mUbuntu 16.04.6 LTS[0m!

[   14.510223] systemd[1]: Set hostname to <ubuntu>.
[   14.551335] systemd[1]: Initializing machine ID from random generator.
[   14.552467] systemd[1]: Installed transient /etc/machine-id file.
[   14.667954] systemd[1]: Listening on /dev/initctl Compatibility Named Pipe.
[[0;32m  OK  [0m] Listening on /dev/initctl Compatibility Named Pipe.
[   14.735616] systemd[1]: Set up automount Arbitrary Executable File Formats File System Automount Point.
[[0;32m  OK  [0m] Set up automount Arbitrary Executab...ats File System Automount Point.
[   14.804082] systemd[1]: Created slice System Slice.
[[0;32m  OK  [0m] Created slice System Slice.
[   14.806555] systemd[1]: Listening on Journal Audit Socket.
[[0;32m  OK  [0m] Listening on Journal Audit Socket.
[   14.809814] systemd[1]: Started Trigger resolvconf update for networkd DNS.
[[0;32m  OK  [0m] Started Trigger resolvconf update for networkd DNS.
[   14.812381] systemd[1]: Created slice User and Session Slice.
[[0;32m  OK  [0m] Created slice User and Session Slice.
[   14.814394] systemd[1]: Listening on Syslog Socket.
[[0;32m  OK  [0m] Listening on Syslog Socket.
[   14.816119] systemd[1]: Listening on udev Kernel Socket.
[[0;32m  OK  [0m] Listening on udev Kernel Socket.
[   14.818577] systemd[1]: Created slice system-serial\x2dgetty.slice.
[[0;32m  OK  [0m] Created slice system-serial\x2dgetty.slice.
[   14.875368] systemd[1]: Listening on udev Control Socket.
[[0;32m  OK  [0m] Listening on udev Control Socket.
[   14.893884] systemd[1]: Listening on Journal Socket.
[[0;32m  OK  [0m] Listening on Journal Socket.
[   14.926621] systemd[1]: Starting Set console keymap...
         Starting Set console keymap...
[   14.981896] systemd[1]: Starting Create list of required static device nodes for the current kernel...
         Starting Create list of required st... nodes for the current kernel...
[   15.031713] systemd[1]: Starting Remount Root and Kernel File Systems...
         Starting Remount Root and Kernel File Systems...
[   15.038208] systemd[1]: Starting Load Kernel Modules...
[   15.039740] EXT4-fs (sda1): re-mounted. Opts: (null)
         Starting Load Kernel Modules...
[   15.041927] systemd[1]: Mounting Debug File System...
         Mounting Debug File System...
[   15.044883] systemd[1]: Mounting POSIX Message Queue File System...
[   15.140041] random: nonblocking pool is initialized
         Mounting POSIX Message Queue File System...
[   15.143846] Loading iSCSI transport class v2.0-870.
[   15.146682] systemd[1]: Mounting Huge Pages File System...
         Mounting Huge Pages File System...
[   15.174988] systemd[1]: Reached target Encrypted Volumes.
[[0;32m  OK  [0m] Reached target E[   15.297039] iscsi: registered transport (tcp)
ncrypted Volumes.
[   15.310262] systemd[1]: Reached target System Time Synchronized.
[[0;32m  OK  [0m] Reached target System Time Synchronized.
[   15.323894] systemd[1]: Reached target User and Group Name Lookups.
[[0;32m  OK  [0[   15.346876] iscsi: registered transport (iser)
m] Reached target User and Group Name Lookups.
[   15.403986] systemd[1]: Listening on Journal Socket (/dev/log).
[[0;32m  OK  [0m] Listening on Journal Socket (/dev/log).
[   15.419039] systemd[1]: Starting Journal Service...
         Starting Journal Service...
[   15.445412] systemd[1]: Started Forward Password Requests to Wall Directory Watch.
[[0;32m  OK  [0m] Started Forward Password Requests to Wall Directory Watch.
[   15.463308] systemd[1]: Listening on Device-mapper event daemon FIFOs.
[[0;32m  OK  [0m] Listening on Device-mapper event daemon FIFOs.
[   15.498457] systemd[1]: Starting Nameserver information manager...
         Starting Nameserver information manager...
[   15.503378] systemd[1]: Listening on LVM2 metadata daemon socket.
[[0;32m  OK  [0m] Listening on LVM2 metadata daemon socket.
[   15.515293] systemd[1]: Starting Monitoring of LVM2 mirrors, snapshots etc. using dmeventd or progress polling...
         Starting Monitoring of LVM2 mirrors... dmeventd or progress polling...
[   15.562592] systemd[1]: Reached tgeSles
[[0;32m  OK  [0m] Reached target Slices.
[ 15.734296] systemd[1]: Listening on LVM2 poll daemon socket.
[[0;32m  OK  [0m] Listening on LVM2 poll daemon socket.
[   15.822885] systemd[1]: Starting Uncomplicated firewall...
         Starting Uncomplicated firewall...
[   15.827162] systemd[1]: Reached target Swap.
[[0;32m  OK  [0m] Reached target Swap.
[   15.859259] systemd[1]: Mounted POSIX Message Queue File System.
[[0;32m  OK  [0m] Mounted POSIX Message Queue File System.
[   .861 systemd]:ounteHu Pes File System.

[[0;32m  OK  [0m] Mounted Huge Pages File System.
[   16.314565] systemd[1]: Mounted Debug File System.
[[0;32m  OK  [0m] Mounted Debug File System.
[   16.383212] systemd[1]: Started Journal Service.
[[0;32m  OK  [0m] Started Journal Service.
[[0;32m  OK  [0m] Started Set console keymap.
[[0;32m  OK  [0m] Started Create list of required sta...ce nodes for the current kernel.
[[0;32m  OK  [0m] Started Remount Root and Kernel File Systems.
[[0;32m  OK  [0m] Started Load Kernel Modules.
[[0;32m  OK  [0m] Started Uncomplicated firewall.
[[0;32m  OK  [0m] Started Nameserver information manager.
[[0;32m  OK  [0m] Started LVM2 metadata daemon.
         Mounting FUSE Control File System...
         Starting Apply Kernel Variables...
         Starting Load/Save Random Seed...
         Starting udev Coldplug all Devices...
         Starting Create Static Device Nodes in /dev...
         Starting Flush Journal to Persistent Storage...
[[0;32m  OK  [0m] Mounted FUSE Control File System.
[[0;32m  OK  [0m] Started Apply Kernel Variables.
[[0;32m  OK  [0m] Started Load/Save Random Seed.
[[0;32m  OK  [0m] Started Create Static Device Nodes in /dev.
[[0;32m  OK  [0m] Started udev Coldplug all Devices.
         Starting udev Kernel Device Manager...
[[0;32m  OK  [0m] Started Flush Journal to Persistent Storage.
[[0;32m  OK  [0m] Started udev Kernel Device Manager.
[[0;32m  OK  [0m] Started Dispatch Password Requests to Console Directory Watch.
[[0;32m  OK  [0m] Started Monitoring of LVM2 mirrors,...ng dmeventd or progress polling.
[[0;32m  OK  [0m] Reached target Local File Systems (Pre).
[[0;32m  OK  [0m] Reached target Local File Systems.
         Starting Create Volatile Files and Directories...
         Starting Set console font and keymap...
         Starting LSB: AppArmor initialization...
         Starting Initial cloud-init job (pre-networking)...
         Starting Commit a transient machine-id on disk...
         Starting Tell Plymouth To Write Out Runtime Data...
[[0;32m  OK  [0m] Started Create Volatile Files and Directories.
[[0;32m  OK  [0m] Started Commit a transient machine-id on disk.
[[0;32m  OK  [0m] Started Tell Plymouth To Write Out Runtime Data.
[[0;32m  OK  [0m] Found device /dev/ttyS0.
[[0;32m  OK  [0m] Listening on Load/Save RF Kill Switch Status /dev/rfkill Watch.
         Starting Update UTMP about System Boot/Shutdown...
[[0;32m  OK  [0m] Started Update UTMP about System Boot/Shutdown.
[[0;32m  OK  [0m] Started Set console font and keymap.
[[0;32m  OK  [0m] Created slice system-getty.slice.
[[0;32m  OK  [0m] Started LSB: AppArmor initialization.
[   16.735506] cloud-init[642]: Cloud-init v. 19.1-1-gbaa47854-0ubuntu1~16.04.1 running 'init-local' at Mon, 28 Oct 2019 21:08:39 +0000. Up 16.33 seconds.
[[0;32m  OK  [0m] Started Initial cloud-init job (pre-networking).
[[0;32m  OK  [0m] Reached target Network (Pre).
         Starting Raise network interfaces...
[[0;32m  OK  [0m] Started Raise network interfaces.
[[0;32m  OK  [0m] Reached target Network.
         Starting Initial cloud-init job (metadata service crawler)...
[   17.928074] cloud-init[959]: Cloud-init v. 19.1-1-gbaa47854-0ubuntu1~16.04.1 running 'init' at Mon, 28 Oct 2019 21:08:40 +0000. Up 17.39 seconds.
[   17.943541] cloud-init[959]: ci-info: ++++++++++++++++++++++++++++++++++++++Net device info+++++++++++++++++++++++++++++++++++++++
[   18.000517] cloud-init[959]: ci-info: +--------+-------+----------------------------+---------------+--------+-------------------+
[   18.000860] cloud-init[959]: ci-info: | Device |   Up  |          Address           |      Mask     | Scope  |     Hw-Address    |
[   18.001137] cloud-init[959]: ci-info: +--------+-------+----------------------------+---------------+--------+-------------------+
[   18.001380] cloud-init[959]: ci-info: | enp0s3 |  True |         10.0.2.15          | 255.255.255.0 | global | 02:1e:e5:6d:71:21 |
[   18.001625] cloud-init[959]: ci-info: | enp0s3 |  True | fe80::1e:e5ff:fe6d:7121/64 |       .       |  link  | 02:1e:e5:6d:71:21 |
[   18.001870] cloud-init[959]: ci-info: | enp0s8 | False |             .              |       .       |   .    | 08:00:27:50:73:cd |
[   18.002124] cloud-init[959]: ci-info: |   lo   |  True |         127.0.0.1          |   255.0.0.0   |  host  |         .         |
[   18.002367] cloud-init[959]: ci-info: |   lo   |  True |          ::1/128           |       .       |  host  |         .         |
[   18.002635] cloud-init[959]: ci-info: +--------+-------+----------------------------+---------------+--------+-------------------+
[[0;32m  OK  [0m] Started Initial cloud-init job (metadata service crawler).
[   18.002924] cloud-init[959]: ci-info: +++++++++++++++++++++++++++Route IPv4 info++++++++++++++++++++++++++++
[   18.082324] cloud-init[959]: ci-info: +-------+-------------+----------+---------------+-----------+-------+
[   18.083490] cloud-init[959]: ci-info: | Route | Destination | Gateway  |    Genmask    | Interface | Flags |
[   18.084863] cloud-init[959]: ci-info: +-------+-------------+----------+---------------+-----------+-------+
[   18.086032] cloud-init[959]: ci-info: |   0   |   0.0.0.0   | 10.0.2.2 |    0.0.0.0    |   enp0s3  |   UG  |
[   18.086318] cloud-init[959]: ci-info: |   1   |   10.0.2.0  | 0.0.0.0  | 255.255.255.0 |   enp0s3  |   U   |
[   18.086452] cloud-init[959]: ci-info: +-------+-------------+----------+---------------+-----------+-------+
[   18.086557] cloud-init[959]: ci-info: +++++++++++++++++++Route IPv6 info+++++++++++++++++++
[   18.086671] cloud-init[959]: ci-info: +-------+-------------+---------+-----------+-------+
[   18.086789] cloud-init[959]: ci-info: | Route | Destination | Gateway | Interface | Flags |
[[0;32m  OK  [0m] Reached target System Initialization.
[   18.087128] cloud-init[959]: ci-info: +-------+-------------+---------+-----------+-------+
[   18.198126] cloud-init[959]: ci-info: |   0   |  fe80::/64  |    ::   |   enp0s3  |   U   |
         Starting LXD - unix socket.
[   18.200162] cloud-init[959]: ci-info: |   3   |   ff00::/8  |    ::   |   enp0s3  |   U   |
[   18.210722] cloud-init[959]: ci-info: +-------+-------------+---------+-----------+-------+
[[0;32m  OK  [0m] Listening on UUID daemon activation socket.
[[   18.212885] cloud-init[959]: Generating public/private rsa key pair.
[   18.271427] cloud-init[959]: Your identification has been saved in /etc/ssh/ssh_host_rsa_key.
[   18.271547] cloud-init[959]: Your public key has been saved in /etc/ssh/ssh_host_rsa_key.pub.
[   18.271806] cloud-init[959]: The key fingerprint is:
[   18.272047] cloud-init[959]: SHA256:JTAx6+mxg6spdlavshScyJuJrbmJTWj8GFwbEYo7LZo root@ubuntu-xenial
[   18.272174] cloud-init[959]: The key's randomart image is:
[   18.272354] cloud-init[959]: +---[RSA 2048]----+
[   18.272539] cloud-init[959]: |   .  =.         |
[   18.272726] cloud-init[959]: |. . .  =         |
[   18.272958] cloud-init[959]: |.. .  . . .      |
[   18.273146] cloud-init[959]: |.oo o. . o       |
[   18.273312] cloud-init[959]: |+o.*  + S        |
[   18.273789] cloud-init[959]: |=*= ++ o         |
[   18.273931] cloud-init[959]: |EOooo =          |
[0;32m  OK  [0m[   18.274156] ] cloud-initListening on D-Bus System Message Bus Socket.[959]: 
|+B== . o         |
[   18.274244] cloud-init[959]: |B+*++..          |
[   18.455615] cloud-init[959]: +----[SHA256]-----+
[[0;32m  OK  [0m] Started ACPI Events Check.
[[   18.456618] cloud-init[959]: Generating public/private dsa key pair.
[   18.498445] cloud-init[959]: Your identification has been saved in /etc/ssh/ssh_host_dsa_key.
[0;32m  OK  [0m] Reached target Paths.
[[   18.499071] cloud-init[959]: Your public key has been saved in /etc/ssh/ssh_host_dsa_key.pub.
[   18.523310] cloud-init[959]: The key fingerprint is:
[0;32m  OK  [0m] Started Daily apt download activities.
[   18.524950] cloud-init[959]: SHA256:gTiwxYVkSZHMVZZ9N/k4FH2giFPrRJRztXP+x/8K4Ho root@ubuntu-xenial
[   18.589938] cloud-init[959]: The key's randomart image is:
[   18.590578] cloud-init[959]: +---[DSA 1024]----+
         Starting Socket activation for snappy daemon.
[[   18.590880] cloud-init[959]: |  .**Bo.o++. .+= |
[   18.652221] cloud-init[959]: |   =B. o.++oo.=.o|
[   18.653712] cloud-init[959]: |  . o . + ++.oo+o|
[0;32m  OK  [0m] Started Daily Cleanup of Temporary Directories.
[   18.654869] cloud-init[959]: |     .   =    o+.|
[   18.666821] cloud-init[959]: |        S o    ..|
[[0;32m  OK  [0m] Listening on ACPID Listen Socket.
[[   18.667404] cloud-init[959]: |         . .   ..|
[   18.698314] cloud-init[959]: |          . .   +|
[   18.698490] cloud-init[959]: |         .E  .  o|
[   18.698720] cloud-init[959]: |        ..    ..+|
[   18.698942] cloud-init[959]: +----[SHA256]-----+
[   18.699183] cloud-init[959]: Generating public/private ecdsa key pair.
[   18.699421] cloud-init[959]: Your identification has been saved in /etc/ssh/ssh_host_ecdsa_key.
[   18.699637] cloud-init[959]: Your public key has been saved in /etc/ssh/ssh_host_ecdsa_key.pub.
[0;32m  OK  [0m] Started Daily apt upgrade and clean activities.
[[   18.699860] cloud-init[959]: The key fingerprint is:
[   18.835594] cloud-init[959]: SHA256:QA8OUelVUYUOZx7952KOR3ZT9qKJ2Vjb+zTcaD5FCyo root@ubuntu-xenial
[0;32m  OK  [0m] Reached target Timers.
[[   18.838186] cloud-init[959]: The key's randomart image is:
[   18.871894] cloud-init[959]: +---[ECDSA 256]---+
[0;32m  OK  [0m] Reached target Network is Online.
[   18.872443] cloud-init[959]: |    oo+. .oo.+.  |
[   18.891258] cloud-init[959]: |     +.o. . = .  |
[   18.898608] cloud-init[959]: |     .o..  * . . |
[   18.899976] cloud-init[959]: |      ..    o.  *|
         Starting iSCSI initiator daemon (iscsid)...
[   18.900908] cloud-init[959]: |        S   . .+=|
[   18.944006] cloud-init[959]: |         E .. B+*|
[   18.945219] cloud-init[959]: |          .* @oB+|
[   18.945770] cloud-init[959]: |          + *o=..|
[   18.946231] cloud-init[959]: |             .o+.|
[   18.946771] cloud-init[959]: +----[SHA256]-----+
[   18.947169] cloud-init[959]: Generating public/private ed25519 key pair.
[[0;32m  OK  [0m] Reached target Cloud-config availability.
[[   18.947773] cloud-init[959]: Your identification has been saved in /etc/ssh/ssh_host_ed25519_key.
[0;32m  OK  [0m] Listening on LXD - unix socket.
[[   18.971867] cloud-init[959]: Your public key has been saved in /etc/ssh/ssh_host_ed25519_key.pub.
[   18.992440] cloud-init[959]: The key fingerprint is:
[   18.993739] cloud-init[959]: SHA256:sR4csWbhrG/0BuArVFCCeAj6+Rp7msVOWR9afsV4ZoE root@ubuntu-xenial
[   18.994711] cloud-init[959]: The key's randomart image is:
[   18.996004] cloud-init[959]: +--[ED25519 256]--+
[0;32m  OK  [0m] Listening on Socket activation for snappy daemon.
[   18.996652] cloud-init[959]: |oo .o.. o        |
[   19.039690] cloud-init[959]: |+ o  o o + .     |
[   19.065518] cloud-init[959]: |..    o O E .    |
[   19.069997] cloud-init[959]: | . . o * + o .   |
[   19.077119] [cloud-init[0;32m  OK  [0m[959]: ] |  o . + S . *    |Started iSCSI initiator daemon (iscsid).

[   19.095294] cloud-init[959]: |   + o X = =     |
[   19.114625]          Starting Login to default iSCSI targets...
[[0;32m  OK  [0m] Reached target Sockets.
[[0;32m  OK  [0m] Reached target Basic System.
cloud-init[959]: |  . B o * +      |
[   19.185489]          cloud-initStarting LSB: Record successful boot for GRUB...[959]: 
|   O.. . o       |
[   19.211701] cloud-init[959]: |  =o.            |
[   19.213527] cloud-init[959]: +----[SHA256]-----+
[[0;32m  OK  [0m] Started D-Bus System Message Bus.
         Starting /etc/rc.local Compatibility...
         Starting Login Service...
[[0;32m  OK  [0m] Started Deferred execution scheduler.
[[0;32m  OK  [0m] Started Regular background program processing daemon.
[[0;32m  OK  [0m] Started FUSE filesystem for LXC.
[[0;32m  OK  [0m] Started ACPI event daemon.
         Starting LSB: MD monitoring daemon...
         Starting System Logging Service...
         Starting Accounts Service...
         Starting Pollinate to seed the pseudo random number generator...
         Starting Virtualbox guest utils...
         Starting Snappy daemon...
         Starting LXD - container startup/shutdown...
[[0;32m  OK  [0m] Started System Logging Service.
[[0;32m  OK  [0m] Started /etc/rc.local Compatibility.
[[0;32m  OK  [0m] Started LSB: Record successful boot for GRUB.
[[0;32m  OK  [0m] Started Login to default iSCSI targets.
[[0;32m  OK  [0m] Started LSB: MD monitoring daemon.
[[0;32m  OK  [0m] Started Login Service.
[[0;32m  OK  [0m] Started Unattended Upgrades Shutdown.
         Starting Authenticate and Authorize Users to Run Privileged Tasks...
[[0;32m  OK  [0m] Reached target Remote File Systems (Pre).
[[0;32m  OK  [0m] Reached target Remote File Systems.
         Starting Permit User Sessions...
         Starting LSB: automatic crash report generation...
         Starting LSB: Set the CPU Frequency Scaling governor to "ondemand"...
         Starting LSB: daemon to balance interrupts for SMP systems...
[[0;32m  OK  [0m] Started LXD - container startup/shutdown.
[[0;32m  OK  [0m] Started Permit User Sessions.
[[0;32m  OK  [0m] Started Authenticate and Authorize Users to Run Privileged Tasks.
[[0;32m  OK  [0m] Started Virtualbox guest utils.
[[0;32m  OK  [0m] Started Accounts Service.
[[0;32m  OK  [0m] Started Snappy daemon.
         Starting Wait until snapd is fully seeded...
         Starting Hold until boot process finishes up...
         Starting Terminate Plymouth Boot Screen...
[[0;32m  OK  [0m] Started LSB: automatic crash report generation.
[[0;32m  OK  [0m] Started LSB: Set the CPU Frequency Scaling governor to "ondemand".
[[0;32m  OK  [0m] Started LSB: daemon to balance interrupts for SMP systems.
[[0;32m  OK  [0m] Started Hold until boot process finishes up.
[[0;32m  OK  [0m] Started Terminate Plymouth Boot Screen.
[[0;32m  OK  [0m] Started Getty on tty1.
         Starting Set console scheme...
[[0;32m  OK  [0m] Started Serial Getty on ttyS0.
[[0;32m  OK  [0m] Reached target Login Prompts.
[[0;32m  OK  [0m] Started Set console scheme.
[[0;32m  OK  [0m] Started Pollinate to seed the pseudo random number generator.
         Starting OpenBSD Secure Shell server...
[[0;32m  OK  [0m] Started OpenBSD Secure Shell server.
[[0;32m  OK  [0m] Started Wait until snapd is fully seeded.
         Starting Apply the settings specified in cloud-config...
[[0;32m  OK  [0m] Reached target Multi-User System.
[[0;32m  OK  [0m] Reached target Graphical Interface.
         Starting Update UTMP about System Runlevel Changes...
[[0;32m  OK  [0m] Started Update UTMP about System Runlevel Changes.
[   21.715682] cloud-init[1314]: Generating locales (this might take a while)...
[   22.479217] cloud-init[1314]:   en_US.UTF-8... done
[   22.490967] cloud-init[1314]: Generation complete.
[   22.772389] cloud-init[1314]: Cloud-init v. 19.1-1-gbaa47854-0ubuntu1~16.04.1 running 'modules:config' at Mon, 28 Oct 2019 21:08:44 +0000. Up 21.59 seconds.
[[0;32m  OK  [0m] Started Apply the settings specified in cloud-config.
         Starting Execute cloud user/final scripts...
ci-info: no authorized ssh keys fingerprints found for user ubuntu.
<14>Oct 28 21:08:46 ec2: 
<14>Oct 28 21:08:46 ec2: #############################################################
<14>Oct 28 21:08:46 ec2: -----BEGIN SSH HOST KEY FINGERPRINTS-----
<14>Oct 28 21:08:46 ec2: 1024 SHA256:gTiwxYVkSZHMVZZ9N/k4FH2giFPrRJRztXP+x/8K4Ho root@ubuntu-xenial (DSA)
<14>Oct 28 21:08:46 ec2: 256 SHA256:QA8OUelVUYUOZx7952KOR3ZT9qKJ2Vjb+zTcaD5FCyo root@ubuntu-xenial (ECDSA)
<14>Oct 28 21:08:46 ec2: 256 SHA256:sR4csWbhrG/0BuArVFCCeAj6+Rp7msVOWR9afsV4ZoE root@ubuntu-xenial (ED25519)
<14>Oct 28 21:08:46 ec2: 2048 SHA256:JTAx6+mxg6spdlavshScyJuJrbmJTWj8GFwbEYo7LZo root@ubuntu-xenial (RSA)
<14>Oct 28 21:08:46 ec2: -----END SSH HOST KEY FINGERPRINTS-----
<14>Oct 28 21:08:46 ec2: #############################################################
-----BEGIN SSH HOST KEY KEYS-----
ecdsa-sha2-nistp256 AAAAE2VjZHNhLXNoYTItbmlzdHAyNTYAAAAIbmlzdHAyNTYAAABBBHXpzRMn+wqby9Z+iSbdPSxm6RC8/YWsrEK5CkfUdWIz62uIv7XEd+lpok/A1Mbc5VTm0W3XrsnInWiF4lM6v68= root@ubuntu-xenial
ssh-ed25519 AAAAC3NzaC1lZDI1NTE5AAAAIKILeY/c4o4sOm1QQ9Hmw4TmTjZxKHDvhxkyLB3yZFLj root@ubuntu-xenial
ssh-rsa AAAAB3NzaC1yc2EAAAADAQABAAABAQC1/dwF7sU40eXN3kECeENS7rNvXYh324d5dhFiXfd6Wy1XAdwoQ5GEdOIN0ZAfzivKZ4NuGhPnnZhhgYl9mWb78WpkyQRCAjTZM69t8uctKUoQqGSKYjOI8iV560KpO2JR9uruQuyBhW06DH/icnWlLlGTZnB/y3WPIbGbqGIUoKIt0PcMQMjMaB4F9zzFGdV8FLHyx/ExavP5xqEd1zH2T214p5UDq/iWzJLiwYvF8JXKuMLww5IZbrQPz4yvNrAkpoq/B6fDt0YuvWSVJFce0HxyKz772/T221ZzB4Q7nLnbUOYrZ1tPAw98TnUbbztASXkuXKuZrI9jpjRvEct3 root@ubuntu-xenial
-----END SSH HOST KEY KEYS-----
[   23.475718] cloud-init[1357]: Cloud-init v. 19.1-1-gbaa47854-0ubuntu1~16.04.1 running 'modules:final' at Mon, 28 Oct 2019 21:08:46 +0000. Up 23.18 seconds.
[   23.480950] cloud-init[1357]: ci-info: no authorized ssh keys fingerprints found for user ubuntu.
[   23.542193] [[0;32m  OK  [0m] Started Execute cloud user/final scripts.
cloud-init[1357]: Cloud-init v. 19.1-1-gbaa47854-0ubuntu1~16.04.1 finished at Mon, 28 Oct 2019 21:08:46 +0000. Datasource DataSourceNoCloud [seed=/dev/sdb][dsmode=net].  Up 23.45 seconds[[0;32m  OK  [0m] Reached target Cloud-init target.


Ubuntu 16.04.6 LTS ubuntu-xenial ttyS0

ubuntu-xenial login: 